<?xml version="1.0" encoding="utf-8"?><testsuites><testsuite name="pytest" errors="0" failures="0" skipped="0" tests="44" time="1.129" timestamp="2025-10-18T13:17:03.498780" hostname="Zads-MacBook-Pro-2.local"><testcase classname="tests.test_account_redirect" name="test_account_redirects_when_logged_out" time="0.006" /><testcase classname="tests.test_additional_coverage" name="test_clear_cart_flow" time="0.005" /><testcase classname="tests.test_additional_coverage" name="test_remove_from_cart_flow" time="0.002" /><testcase classname="tests.test_additional_coverage" name="test_login_and_account_flow" time="0.092" /><testcase classname="tests.test_additional_coverage" name="test_logout_redirects" time="0.001" /><testcase classname="tests.test_additional_coverage" name="test_order_confirmation_invalid_id" time="0.001" /><testcase classname="tests.test_additional_edge_cases" name="test_add_missing_title_field" time="0.001" /><testcase classname="tests.test_additional_edge_cases" name="test_add_invalid_book_title" time="0.002" /><testcase classname="tests.test_additional_edge_cases" name="test_large_quantities_multiple_items" time="0.002" /><testcase classname="tests.test_additional_edge_cases" name="test_remove_nonexistent_item" time="0.001" /><testcase classname="tests.test_additional_edge_cases" name="test_checkout_partially_valid_card" time="0.002" /><testcase classname="tests.test_additional_edge_cases" name="test_duplicate_discount_codes" time="0.047" /><testcase classname="tests.test_additional_edge_cases" name="test_blank_registration_fields" time="0.001" /><testcase classname="tests.test_additional_edge_cases" name="test_checkout_after_logout" time="0.088" /><testcase classname="tests.test_cart_model" name="test_update_quantity_removes_zero_or_negative" time="0.000" /><testcase classname="tests.test_cart_model" name="test_update_quantity_rejects_non_integer" time="0.000" /><testcase classname="tests.test_cart_model" name="test_update_quantity_ignores_missing_title" time="0.000" /><testcase classname="tests.test_discount_codes" name="test_discount_code_case_insensitive_save10" time="0.002" /><testcase classname="tests.test_discount_codes" name="test_discount_code_welcome20_case_insensitive" time="0.001" /><testcase classname="tests.test_discount_codes" name="test_discount_code_invalid_message" time="0.002" /><testcase classname="tests.test_input_validation_routes" name="test_add_to_cart_non_numeric_quantity" time="0.001" /><testcase classname="tests.test_input_validation_routes" name="test_add_to_cart_empty_quantity" time="0.001" /><testcase classname="tests.test_input_validation_routes" name="test_add_to_cart_extremely_large_quantity" time="0.002" /><testcase classname="tests.test_input_validation_routes" name="test_update_cart_negative_and_zero" time="0.003" /><testcase classname="tests.test_more_coverage" name="test_healthz_ok" time="0.001" /><testcase classname="tests.test_more_coverage" name="test_add_to_cart_book_not_found" time="0.001" /><testcase classname="tests.test_more_coverage" name="test_add_to_cart_quantity_too_large" time="0.001" /><testcase classname="tests.test_more_coverage" name="test_update_cart_non_integer_quantity" time="0.002" /><testcase classname="tests.test_more_coverage" name="test_checkout_invalid_email_message_even_with_empty_cart" time="0.001" /><testcase classname="tests.test_more_coverage" name="test_paypal_success_flow_and_confirmation" time="0.046" /><testcase classname="tests.test_more_coverage" name="test_discount_save10_affects_total" time="0.045" /><testcase classname="tests.test_order_history_smoke" name="test_get_order_history_api_exists" time="0.001" /><testcase classname="tests.test_payment_validation" name="test_credit_card_validation_required" time="0.002" /><testcase classname="tests.test_payment_validation" name="test_invalid_card_format_rejected" time="0.002" /><testcase classname="tests.test_payment_validation" name="test_paypal_validation_path_exists" time="0.002" /><testcase classname="tests.test_payment_validation" name="test_payment_card_ending_1111_fails" time="0.002" /><testcase classname="tests.test_performance" name="test_cart_total_scaling_regression" time="0.000" /><testcase classname="tests.test_performance" name="test_add_to_cart_bulk_perf" time="0.208" /><testcase classname="tests.test_registration" name="test_email_format_validation" time="0.005" /><testcase classname="tests.test_registration" name="test_email_case_insensitive_uniqueness" time="0.047" /><testcase classname="tests.test_registration" name="test_password_not_stored_in_plaintext" time="0.043" /><testcase classname="tests.test_session_cart_behavior" name="test_two_clients_isolated_carts" time="0.003" /><testcase classname="tests.test_sessions" name="test_two_clients_basic_isolation_smoke" time="0.002" /><testcase classname="tests.test_sessions" name="test_logout_smoke" time="0.002" /></testsuite></testsuites>